# frozen_string_literal: true

source 'https://rubygems.org'
git_source(:github) { |repo| "https://github.com/#{repo}.git" }

ruby '2.6.8'

# Bundle edge Rails instead: gem 'rails', github: 'rails/rails', branch: 'main'
gem 'appmap', :groups => [:development, :test]

gem 'rails', '~> 6.1.4', '>= 6.1.4.1'